  Determining projects to restore...
  All projects are up-to-date for restore.
C:\Program Files\dotnet\sdk\9.0.301\Microsoft.Common.CurrentVersion.targets(5395,5): warning MSB3026: Could not copy "C:\Work\FAST\Advanced Programming\ProjectFLS\API\FLS API\FLS API\obj\Debug\net8.0\apphost.exe" to "bin\Debug\net8.0\FLS API.exe". Beginning retry 1 in 1000ms. The process cannot access the file 'C:\Work\FAST\Advanced Programming\ProjectFLS\API\FLS API\FLS API\bin\Debug\net8.0\FLS API.exe' because it is being used by another process. The file is locked by: "FLS API (12256)" [C:\Work\FAST\Advanced Programming\ProjectFLS\API\FLS API\FLS API\FLS API.csproj]
C:\Program Files\dotnet\sdk\9.0.301\Microsoft.Common.CurrentVersion.targets(5395,5): warning MSB3026: Could not copy "C:\Work\FAST\Advanced Programming\ProjectFLS\API\FLS API\FLS API\obj\Debug\net8.0\apphost.exe" to "bin\Debug\net8.0\FLS API.exe". Beginning retry 2 in 1000ms. The process cannot access the file 'C:\Work\FAST\Advanced Programming\ProjectFLS\API\FLS API\FLS API\bin\Debug\net8.0\FLS API.exe' because it is being used by another process. The file is locked by: "FLS API (12256)" [C:\Work\FAST\Advanced Programming\ProjectFLS\API\FLS API\FLS API\FLS API.csproj]
C:\Program Files\dotnet\sdk\9.0.301\Microsoft.Common.CurrentVersion.targets(5395,5): warning MSB3026: Could not copy "C:\Work\FAST\Advanced Programming\ProjectFLS\API\FLS API\FLS API\obj\Debug\net8.0\apphost.exe" to "bin\Debug\net8.0\FLS API.exe". Beginning retry 3 in 1000ms. The process cannot access the file 'C:\Work\FAST\Advanced Programming\ProjectFLS\API\FLS API\FLS API\bin\Debug\net8.0\FLS API.exe' because it is being used by another process. The file is locked by: "FLS API (12256)" [C:\Work\FAST\Advanced Programming\ProjectFLS\API\FLS API\FLS API\FLS API.csproj]
C:\Program Files\dotnet\sdk\9.0.301\Microsoft.Common.CurrentVersion.targets(5395,5): warning MSB3026: Could not copy "C:\Work\FAST\Advanced Programming\ProjectFLS\API\FLS API\FLS API\obj\Debug\net8.0\apphost.exe" to "bin\Debug\net8.0\FLS API.exe". Beginning retry 4 in 1000ms. The process cannot access the file 'C:\Work\FAST\Advanced Programming\ProjectFLS\API\FLS API\FLS API\bin\Debug\net8.0\FLS API.exe' because it is being used by another process. The file is locked by: "FLS API (12256)" [C:\Work\FAST\Advanced Programming\ProjectFLS\API\FLS API\FLS API\FLS API.csproj]
C:\Program Files\dotnet\sdk\9.0.301\Microsoft.Common.CurrentVersion.targets(5395,5): warning MSB3026: Could not copy "C:\Work\FAST\Advanced Programming\ProjectFLS\API\FLS API\FLS API\obj\Debug\net8.0\apphost.exe" to "bin\Debug\net8.0\FLS API.exe". Beginning retry 5 in 1000ms. The process cannot access the file 'C:\Work\FAST\Advanced Programming\ProjectFLS\API\FLS API\FLS API\bin\Debug\net8.0\FLS API.exe' because it is being used by another process. The file is locked by: "FLS API (12256)" [C:\Work\FAST\Advanced Programming\ProjectFLS\API\FLS API\FLS API\FLS API.csproj]
C:\Program Files\dotnet\sdk\9.0.301\Microsoft.Common.CurrentVersion.targets(5395,5): warning MSB3026: Could not copy "C:\Work\FAST\Advanced Programming\ProjectFLS\API\FLS API\FLS API\obj\Debug\net8.0\apphost.exe" to "bin\Debug\net8.0\FLS API.exe". Beginning retry 6 in 1000ms. The process cannot access the file 'C:\Work\FAST\Advanced Programming\ProjectFLS\API\FLS API\FLS API\bin\Debug\net8.0\FLS API.exe' because it is being used by another process. The file is locked by: "FLS API (12256)" [C:\Work\FAST\Advanced Programming\ProjectFLS\API\FLS API\FLS API\FLS API.csproj]
C:\Program Files\dotnet\sdk\9.0.301\Microsoft.Common.CurrentVersion.targets(5395,5): warning MSB3026: Could not copy "C:\Work\FAST\Advanced Programming\ProjectFLS\API\FLS API\FLS API\obj\Debug\net8.0\apphost.exe" to "bin\Debug\net8.0\FLS API.exe". Beginning retry 7 in 1000ms. The process cannot access the file 'C:\Work\FAST\Advanced Programming\ProjectFLS\API\FLS API\FLS API\bin\Debug\net8.0\FLS API.exe' because it is being used by another process. The file is locked by: "FLS API (12256)" [C:\Work\FAST\Advanced Programming\ProjectFLS\API\FLS API\FLS API\FLS API.csproj]
C:\Program Files\dotnet\sdk\9.0.301\Microsoft.Common.CurrentVersion.targets(5395,5): warning MSB3026: Could not copy "C:\Work\FAST\Advanced Programming\ProjectFLS\API\FLS API\FLS API\obj\Debug\net8.0\apphost.exe" to "bin\Debug\net8.0\FLS API.exe". Beginning retry 8 in 1000ms. The process cannot access the file 'C:\Work\FAST\Advanced Programming\ProjectFLS\API\FLS API\FLS API\bin\Debug\net8.0\FLS API.exe' because it is being used by another process. The file is locked by: "FLS API (12256)" [C:\Work\FAST\Advanced Programming\ProjectFLS\API\FLS API\FLS API\FLS API.csproj]
C:\Program Files\dotnet\sdk\9.0.301\Microsoft.Common.CurrentVersion.targets(5395,5): warning MSB3026: Could not copy "C:\Work\FAST\Advanced Programming\ProjectFLS\API\FLS API\FLS API\obj\Debug\net8.0\apphost.exe" to "bin\Debug\net8.0\FLS API.exe". Beginning retry 9 in 1000ms. The process cannot access the file 'C:\Work\FAST\Advanced Programming\ProjectFLS\API\FLS API\FLS API\bin\Debug\net8.0\FLS API.exe' because it is being used by another process. The file is locked by: "FLS API (12256)" [C:\Work\FAST\Advanced Programming\ProjectFLS\API\FLS API\FLS API\FLS API.csproj]
C:\Program Files\dotnet\sdk\9.0.301\Microsoft.Common.CurrentVersion.targets(5395,5): warning MSB3026: Could not copy "C:\Work\FAST\Advanced Programming\ProjectFLS\API\FLS API\FLS API\obj\Debug\net8.0\apphost.exe" to "bin\Debug\net8.0\FLS API.exe". Beginning retry 10 in 1000ms. The process cannot access the file 'C:\Work\FAST\Advanced Programming\ProjectFLS\API\FLS API\FLS API\bin\Debug\net8.0\FLS API.exe' because it is being used by another process. The file is locked by: "FLS API (12256)" [C:\Work\FAST\Advanced Programming\ProjectFLS\API\FLS API\FLS API\FLS API.csproj]
C:\Program Files\dotnet\sdk\9.0.301\Microsoft.Common.CurrentVersion.targets(5395,5): error MSB3027: Could not copy "C:\Work\FAST\Advanced Programming\ProjectFLS\API\FLS API\FLS API\obj\Debug\net8.0\apphost.exe" to "bin\Debug\net8.0\FLS API.exe". Exceeded retry count of 10. Failed. The file is locked by: "FLS API (12256)" [C:\Work\FAST\Advanced Programming\ProjectFLS\API\FLS API\FLS API\FLS API.csproj]
C:\Program Files\dotnet\sdk\9.0.301\Microsoft.Common.CurrentVersion.targets(5395,5): error MSB3021: Unable to copy file "C:\Work\FAST\Advanced Programming\ProjectFLS\API\FLS API\FLS API\obj\Debug\net8.0\apphost.exe" to "bin\Debug\net8.0\FLS API.exe". The process cannot access the file 'C:\Work\FAST\Advanced Programming\ProjectFLS\API\FLS API\FLS API\bin\Debug\net8.0\FLS API.exe' because it is being used by another process. [C:\Work\FAST\Advanced Programming\ProjectFLS\API\FLS API\FLS API\FLS API.csproj]

Build FAILED.

C:\Program Files\dotnet\sdk\9.0.301\Microsoft.Common.CurrentVersion.targets(5395,5): warning MSB3026: Could not copy "C:\Work\FAST\Advanced Programming\ProjectFLS\API\FLS API\FLS API\obj\Debug\net8.0\apphost.exe" to "bin\Debug\net8.0\FLS API.exe". Beginning retry 1 in 1000ms. The process cannot access the file 'C:\Work\FAST\Advanced Programming\ProjectFLS\API\FLS API\FLS API\bin\Debug\net8.0\FLS API.exe' because it is being used by another process. The file is locked by: "FLS API (12256)" [C:\Work\FAST\Advanced Programming\ProjectFLS\API\FLS API\FLS API\FLS API.csproj]
C:\Program Files\dotnet\sdk\9.0.301\Microsoft.Common.CurrentVersion.targets(5395,5): warning MSB3026: Could not copy "C:\Work\FAST\Advanced Programming\ProjectFLS\API\FLS API\FLS API\obj\Debug\net8.0\apphost.exe" to "bin\Debug\net8.0\FLS API.exe". Beginning retry 2 in 1000ms. The process cannot access the file 'C:\Work\FAST\Advanced Programming\ProjectFLS\API\FLS API\FLS API\bin\Debug\net8.0\FLS API.exe' because it is being used by another process. The file is locked by: "FLS API (12256)" [C:\Work\FAST\Advanced Programming\ProjectFLS\API\FLS API\FLS API\FLS API.csproj]
C:\Program Files\dotnet\sdk\9.0.301\Microsoft.Common.CurrentVersion.targets(5395,5): warning MSB3026: Could not copy "C:\Work\FAST\Advanced Programming\ProjectFLS\API\FLS API\FLS API\obj\Debug\net8.0\apphost.exe" to "bin\Debug\net8.0\FLS API.exe". Beginning retry 3 in 1000ms. The process cannot access the file 'C:\Work\FAST\Advanced Programming\ProjectFLS\API\FLS API\FLS API\bin\Debug\net8.0\FLS API.exe' because it is being used by another process. The file is locked by: "FLS API (12256)" [C:\Work\FAST\Advanced Programming\ProjectFLS\API\FLS API\FLS API\FLS API.csproj]
C:\Program Files\dotnet\sdk\9.0.301\Microsoft.Common.CurrentVersion.targets(5395,5): warning MSB3026: Could not copy "C:\Work\FAST\Advanced Programming\ProjectFLS\API\FLS API\FLS API\obj\Debug\net8.0\apphost.exe" to "bin\Debug\net8.0\FLS API.exe". Beginning retry 4 in 1000ms. The process cannot access the file 'C:\Work\FAST\Advanced Programming\ProjectFLS\API\FLS API\FLS API\bin\Debug\net8.0\FLS API.exe' because it is being used by another process. The file is locked by: "FLS API (12256)" [C:\Work\FAST\Advanced Programming\ProjectFLS\API\FLS API\FLS API\FLS API.csproj]
C:\Program Files\dotnet\sdk\9.0.301\Microsoft.Common.CurrentVersion.targets(5395,5): warning MSB3026: Could not copy "C:\Work\FAST\Advanced Programming\ProjectFLS\API\FLS API\FLS API\obj\Debug\net8.0\apphost.exe" to "bin\Debug\net8.0\FLS API.exe". Beginning retry 5 in 1000ms. The process cannot access the file 'C:\Work\FAST\Advanced Programming\ProjectFLS\API\FLS API\FLS API\bin\Debug\net8.0\FLS API.exe' because it is being used by another process. The file is locked by: "FLS API (12256)" [C:\Work\FAST\Advanced Programming\ProjectFLS\API\FLS API\FLS API\FLS API.csproj]
C:\Program Files\dotnet\sdk\9.0.301\Microsoft.Common.CurrentVersion.targets(5395,5): warning MSB3026: Could not copy "C:\Work\FAST\Advanced Programming\ProjectFLS\API\FLS API\FLS API\obj\Debug\net8.0\apphost.exe" to "bin\Debug\net8.0\FLS API.exe". Beginning retry 6 in 1000ms. The process cannot access the file 'C:\Work\FAST\Advanced Programming\ProjectFLS\API\FLS API\FLS API\bin\Debug\net8.0\FLS API.exe' because it is being used by another process. The file is locked by: "FLS API (12256)" [C:\Work\FAST\Advanced Programming\ProjectFLS\API\FLS API\FLS API\FLS API.csproj]
C:\Program Files\dotnet\sdk\9.0.301\Microsoft.Common.CurrentVersion.targets(5395,5): warning MSB3026: Could not copy "C:\Work\FAST\Advanced Programming\ProjectFLS\API\FLS API\FLS API\obj\Debug\net8.0\apphost.exe" to "bin\Debug\net8.0\FLS API.exe". Beginning retry 7 in 1000ms. The process cannot access the file 'C:\Work\FAST\Advanced Programming\ProjectFLS\API\FLS API\FLS API\bin\Debug\net8.0\FLS API.exe' because it is being used by another process. The file is locked by: "FLS API (12256)" [C:\Work\FAST\Advanced Programming\ProjectFLS\API\FLS API\FLS API\FLS API.csproj]
C:\Program Files\dotnet\sdk\9.0.301\Microsoft.Common.CurrentVersion.targets(5395,5): warning MSB3026: Could not copy "C:\Work\FAST\Advanced Programming\ProjectFLS\API\FLS API\FLS API\obj\Debug\net8.0\apphost.exe" to "bin\Debug\net8.0\FLS API.exe". Beginning retry 8 in 1000ms. The process cannot access the file 'C:\Work\FAST\Advanced Programming\ProjectFLS\API\FLS API\FLS API\bin\Debug\net8.0\FLS API.exe' because it is being used by another process. The file is locked by: "FLS API (12256)" [C:\Work\FAST\Advanced Programming\ProjectFLS\API\FLS API\FLS API\FLS API.csproj]
C:\Program Files\dotnet\sdk\9.0.301\Microsoft.Common.CurrentVersion.targets(5395,5): warning MSB3026: Could not copy "C:\Work\FAST\Advanced Programming\ProjectFLS\API\FLS API\FLS API\obj\Debug\net8.0\apphost.exe" to "bin\Debug\net8.0\FLS API.exe". Beginning retry 9 in 1000ms. The process cannot access the file 'C:\Work\FAST\Advanced Programming\ProjectFLS\API\FLS API\FLS API\bin\Debug\net8.0\FLS API.exe' because it is being used by another process. The file is locked by: "FLS API (12256)" [C:\Work\FAST\Advanced Programming\ProjectFLS\API\FLS API\FLS API\FLS API.csproj]
C:\Program Files\dotnet\sdk\9.0.301\Microsoft.Common.CurrentVersion.targets(5395,5): warning MSB3026: Could not copy "C:\Work\FAST\Advanced Programming\ProjectFLS\API\FLS API\FLS API\obj\Debug\net8.0\apphost.exe" to "bin\Debug\net8.0\FLS API.exe". Beginning retry 10 in 1000ms. The process cannot access the file 'C:\Work\FAST\Advanced Programming\ProjectFLS\API\FLS API\FLS API\bin\Debug\net8.0\FLS API.exe' because it is being used by another process. The file is locked by: "FLS API (12256)" [C:\Work\FAST\Advanced Programming\ProjectFLS\API\FLS API\FLS API\FLS API.csproj]
C:\Program Files\dotnet\sdk\9.0.301\Microsoft.Common.CurrentVersion.targets(5395,5): error MSB3027: Could not copy "C:\Work\FAST\Advanced Programming\ProjectFLS\API\FLS API\FLS API\obj\Debug\net8.0\apphost.exe" to "bin\Debug\net8.0\FLS API.exe". Exceeded retry count of 10. Failed. The file is locked by: "FLS API (12256)" [C:\Work\FAST\Advanced Programming\ProjectFLS\API\FLS API\FLS API\FLS API.csproj]
C:\Program Files\dotnet\sdk\9.0.301\Microsoft.Common.CurrentVersion.targets(5395,5): error MSB3021: Unable to copy file "C:\Work\FAST\Advanced Programming\ProjectFLS\API\FLS API\FLS API\obj\Debug\net8.0\apphost.exe" to "bin\Debug\net8.0\FLS API.exe". The process cannot access the file 'C:\Work\FAST\Advanced Programming\ProjectFLS\API\FLS API\FLS API\bin\Debug\net8.0\FLS API.exe' because it is being used by another process. [C:\Work\FAST\Advanced Programming\ProjectFLS\API\FLS API\FLS API\FLS API.csproj]
    10 Warning(s)
    2 Error(s)

Time Elapsed 00:00:13.42
