  Determining projects to restore...
  All projects are up-to-date for restore.
C:\Work\FAST\Advanced Programming\ProjectFLS\API\FLS API\FLS API\Models\SupabaseOptions.cs(5,23): warning CS8618: Non-nullable property 'Url' must contain a non-null value when exiting constructor. Consider adding the 'required' modifier or declaring the property as nullable. [C:\Work\FAST\Advanced Programming\ProjectFLS\API\FLS API\FLS API\FLS API.csproj]
C:\Work\FAST\Advanced Programming\ProjectFLS\API\FLS API\FLS API\Models\SupabaseOptions.cs(6,23): warning CS8618: Non-nullable property 'ServiceRoleKey' must contain a non-null value when exiting constructor. Consider adding the 'required' modifier or declaring the property as nullable. [C:\Work\FAST\Advanced Programming\ProjectFLS\API\FLS API\FLS API\FLS API.csproj]
C:\Work\FAST\Advanced Programming\ProjectFLS\API\FLS API\FLS API\Models\SupabaseOptions.cs(7,23): warning CS8618: Non-nullable property 'AnonKey' must contain a non-null value when exiting constructor. Consider adding the 'required' modifier or declaring the property as nullable. [C:\Work\FAST\Advanced Programming\ProjectFLS\API\FLS API\FLS API\FLS API.csproj]
C:\Work\FAST\Advanced Programming\ProjectFLS\API\FLS API\FLS API\BL\SupabaseService.cs(29,17): warning CS8602: Dereference of a possibly null reference. [C:\Work\FAST\Advanced Programming\ProjectFLS\API\FLS API\FLS API\FLS API.csproj]
C:\Work\FAST\Advanced Programming\ProjectFLS\API\FLS API\FLS API\DL\Models\User.cs(13,23): warning CS8618: Non-nullable property 'FullName' must contain a non-null value when exiting constructor. Consider adding the 'required' modifier or declaring the property as nullable. [C:\Work\FAST\Advanced Programming\ProjectFLS\API\FLS API\FLS API\FLS API.csproj]
C:\Work\FAST\Advanced Programming\ProjectFLS\API\FLS API\FLS API\DL\Models\User.cs(14,23): warning CS8618: Non-nullable property 'Email' must contain a non-null value when exiting constructor. Consider adding the 'required' modifier or declaring the property as nullable. [C:\Work\FAST\Advanced Programming\ProjectFLS\API\FLS API\FLS API\FLS API.csproj]
C:\Work\FAST\Advanced Programming\ProjectFLS\API\FLS API\FLS API\DL\Models\User.cs(15,23): warning CS8618: Non-nullable property 'Role' must contain a non-null value when exiting constructor. Consider adding the 'required' modifier or declaring the property as nullable. [C:\Work\FAST\Advanced Programming\ProjectFLS\API\FLS API\FLS API\FLS API.csproj]
C:\Work\FAST\Advanced Programming\ProjectFLS\API\FLS API\FLS API\BL\SupabaseService.cs(47,17): warning CS8602: Dereference of a possibly null reference. [C:\Work\FAST\Advanced Programming\ProjectFLS\API\FLS API\FLS API\FLS API.csproj]
C:\Work\FAST\Advanced Programming\ProjectFLS\API\FLS API\FLS API\DL\DTOs\UsersDTO.cs(5,23): warning CS8618: Non-nullable property 'FullName' must contain a non-null value when exiting constructor. Consider adding the 'required' modifier or declaring the property as nullable. [C:\Work\FAST\Advanced Programming\ProjectFLS\API\FLS API\FLS API\FLS API.csproj]
C:\Work\FAST\Advanced Programming\ProjectFLS\API\FLS API\FLS API\DL\DTOs\UsersDTO.cs(6,23): warning CS8618: Non-nullable property 'Email' must contain a non-null value when exiting constructor. Consider adding the 'required' modifier or declaring the property as nullable. [C:\Work\FAST\Advanced Programming\ProjectFLS\API\FLS API\FLS API\FLS API.csproj]
C:\Work\FAST\Advanced Programming\ProjectFLS\API\FLS API\FLS API\DL\DTOs\UsersDTO.cs(7,23): warning CS8618: Non-nullable property 'Role' must contain a non-null value when exiting constructor. Consider adding the 'required' modifier or declaring the property as nullable. [C:\Work\FAST\Advanced Programming\ProjectFLS\API\FLS API\FLS API\FLS API.csproj]
C:\Work\FAST\Advanced Programming\ProjectFLS\API\FLS API\FLS API\DL\DTOs\UsersDTO.cs(9,23): warning CS8618: Non-nullable property 'Password' must contain a non-null value when exiting constructor. Consider adding the 'required' modifier or declaring the property as nullable. [C:\Work\FAST\Advanced Programming\ProjectFLS\API\FLS API\FLS API\FLS API.csproj]
C:\Work\FAST\Advanced Programming\ProjectFLS\API\FLS API\FLS API\Program.cs(16,11): warning CS8601: Possible null reference assignment. [C:\Work\FAST\Advanced Programming\ProjectFLS\API\FLS API\FLS API\FLS API.csproj]
C:\Work\FAST\Advanced Programming\ProjectFLS\API\FLS API\FLS API\Program.cs(17,22): warning CS8601: Possible null reference assignment. [C:\Work\FAST\Advanced Programming\ProjectFLS\API\FLS API\FLS API\FLS API.csproj]
C:\Work\FAST\Advanced Programming\ProjectFLS\API\FLS API\FLS API\BL\ChatbotService.cs(75,36): warning CS1998: This async method lacks 'await' operators and will run synchronously. Consider using the 'await' operator to await non-blocking API calls, or 'await Task.Run(...)' to do CPU-bound work on a background thread. [C:\Work\FAST\Advanced Programming\ProjectFLS\API\FLS API\FLS API\FLS API.csproj]
C:\Work\FAST\Advanced Programming\ProjectFLS\API\FLS API\FLS API\BL\ChatbotService.cs(159,45): error CS1061: 'int' does not contain a definition for 'Count' and no accessible extension method 'Count' accepting a first argument of type 'int' could be found (are you missing a using directive or an assembly reference?) [C:\Work\FAST\Advanced Programming\ProjectFLS\API\FLS API\FLS API\FLS API.csproj]

Build FAILED.

C:\Work\FAST\Advanced Programming\ProjectFLS\API\FLS API\FLS API\Models\SupabaseOptions.cs(5,23): warning CS8618: Non-nullable property 'Url' must contain a non-null value when exiting constructor. Consider adding the 'required' modifier or declaring the property as nullable. [C:\Work\FAST\Advanced Programming\ProjectFLS\API\FLS API\FLS API\FLS API.csproj]
C:\Work\FAST\Advanced Programming\ProjectFLS\API\FLS API\FLS API\Models\SupabaseOptions.cs(6,23): warning CS8618: Non-nullable property 'ServiceRoleKey' must contain a non-null value when exiting constructor. Consider adding the 'required' modifier or declaring the property as nullable. [C:\Work\FAST\Advanced Programming\ProjectFLS\API\FLS API\FLS API\FLS API.csproj]
C:\Work\FAST\Advanced Programming\ProjectFLS\API\FLS API\FLS API\Models\SupabaseOptions.cs(7,23): warning CS8618: Non-nullable property 'AnonKey' must contain a non-null value when exiting constructor. Consider adding the 'required' modifier or declaring the property as nullable. [C:\Work\FAST\Advanced Programming\ProjectFLS\API\FLS API\FLS API\FLS API.csproj]
C:\Work\FAST\Advanced Programming\ProjectFLS\API\FLS API\FLS API\BL\SupabaseService.cs(29,17): warning CS8602: Dereference of a possibly null reference. [C:\Work\FAST\Advanced Programming\ProjectFLS\API\FLS API\FLS API\FLS API.csproj]
C:\Work\FAST\Advanced Programming\ProjectFLS\API\FLS API\FLS API\DL\Models\User.cs(13,23): warning CS8618: Non-nullable property 'FullName' must contain a non-null value when exiting constructor. Consider adding the 'required' modifier or declaring the property as nullable. [C:\Work\FAST\Advanced Programming\ProjectFLS\API\FLS API\FLS API\FLS API.csproj]
C:\Work\FAST\Advanced Programming\ProjectFLS\API\FLS API\FLS API\DL\Models\User.cs(14,23): warning CS8618: Non-nullable property 'Email' must contain a non-null value when exiting constructor. Consider adding the 'required' modifier or declaring the property as nullable. [C:\Work\FAST\Advanced Programming\ProjectFLS\API\FLS API\FLS API\FLS API.csproj]
C:\Work\FAST\Advanced Programming\ProjectFLS\API\FLS API\FLS API\DL\Models\User.cs(15,23): warning CS8618: Non-nullable property 'Role' must contain a non-null value when exiting constructor. Consider adding the 'required' modifier or declaring the property as nullable. [C:\Work\FAST\Advanced Programming\ProjectFLS\API\FLS API\FLS API\FLS API.csproj]
C:\Work\FAST\Advanced Programming\ProjectFLS\API\FLS API\FLS API\BL\SupabaseService.cs(47,17): warning CS8602: Dereference of a possibly null reference. [C:\Work\FAST\Advanced Programming\ProjectFLS\API\FLS API\FLS API\FLS API.csproj]
C:\Work\FAST\Advanced Programming\ProjectFLS\API\FLS API\FLS API\DL\DTOs\UsersDTO.cs(5,23): warning CS8618: Non-nullable property 'FullName' must contain a non-null value when exiting constructor. Consider adding the 'required' modifier or declaring the property as nullable. [C:\Work\FAST\Advanced Programming\ProjectFLS\API\FLS API\FLS API\FLS API.csproj]
C:\Work\FAST\Advanced Programming\ProjectFLS\API\FLS API\FLS API\DL\DTOs\UsersDTO.cs(6,23): warning CS8618: Non-nullable property 'Email' must contain a non-null value when exiting constructor. Consider adding the 'required' modifier or declaring the property as nullable. [C:\Work\FAST\Advanced Programming\ProjectFLS\API\FLS API\FLS API\FLS API.csproj]
C:\Work\FAST\Advanced Programming\ProjectFLS\API\FLS API\FLS API\DL\DTOs\UsersDTO.cs(7,23): warning CS8618: Non-nullable property 'Role' must contain a non-null value when exiting constructor. Consider adding the 'required' modifier or declaring the property as nullable. [C:\Work\FAST\Advanced Programming\ProjectFLS\API\FLS API\FLS API\FLS API.csproj]
C:\Work\FAST\Advanced Programming\ProjectFLS\API\FLS API\FLS API\DL\DTOs\UsersDTO.cs(9,23): warning CS8618: Non-nullable property 'Password' must contain a non-null value when exiting constructor. Consider adding the 'required' modifier or declaring the property as nullable. [C:\Work\FAST\Advanced Programming\ProjectFLS\API\FLS API\FLS API\FLS API.csproj]
C:\Work\FAST\Advanced Programming\ProjectFLS\API\FLS API\FLS API\Program.cs(16,11): warning CS8601: Possible null reference assignment. [C:\Work\FAST\Advanced Programming\ProjectFLS\API\FLS API\FLS API\FLS API.csproj]
C:\Work\FAST\Advanced Programming\ProjectFLS\API\FLS API\FLS API\Program.cs(17,22): warning CS8601: Possible null reference assignment. [C:\Work\FAST\Advanced Programming\ProjectFLS\API\FLS API\FLS API\FLS API.csproj]
C:\Work\FAST\Advanced Programming\ProjectFLS\API\FLS API\FLS API\BL\ChatbotService.cs(75,36): warning CS1998: This async method lacks 'await' operators and will run synchronously. Consider using the 'await' operator to await non-blocking API calls, or 'await Task.Run(...)' to do CPU-bound work on a background thread. [C:\Work\FAST\Advanced Programming\ProjectFLS\API\FLS API\FLS API\FLS API.csproj]
C:\Work\FAST\Advanced Programming\ProjectFLS\API\FLS API\FLS API\BL\ChatbotService.cs(159,45): error CS1061: 'int' does not contain a definition for 'Count' and no accessible extension method 'Count' accepting a first argument of type 'int' could be found (are you missing a using directive or an assembly reference?) [C:\Work\FAST\Advanced Programming\ProjectFLS\API\FLS API\FLS API\FLS API.csproj]
    15 Warning(s)
    1 Error(s)

Time Elapsed 00:00:02.28
